Traceback (most recent call last):
  File "C:\Users\ven\AppData\Local\Programs\Python\Python313\Lib\site-packages\jupyter_core\utils\__init__.py", line 154, in wrapped
    asyncio.get_running_loop()
    ~~~~~~~~~~~~~~~~~~~~~~~~^^
RuntimeError: no running event loop

During handling of the above exception, another exception occurred:

Traceback (most recent call last):
  File "C:\Users\ven\AppData\Local\Programs\Python\Python313\Lib\site-packages\jupyter_cache\executors\utils.py", line 58, in single_nb_execution
    executenb(
    ~~~~~~~~~^
        nb,
        ^^^
    ...<4 lines>...
        **kwargs,
        ^^^^^^^^^
    )
    ^
  File "C:\Users\ven\AppData\Local\Programs\Python\Python313\Lib\site-packages\nbclient\client.py", line 1319, in execute
    return NotebookClient(nb=nb, resources=resources, km=km, **kwargs).execute()
           ~~~~~~~~~~~~~~~~~~~~~~~~~~~~~~~~~~~~~~~~~~~~~~~~~~~~~~~~~~~~~~~~~~~^^
  File "C:\Users\ven\AppData\Local\Programs\Python\Python313\Lib\site-packages\jupyter_core\utils\__init__.py", line 158, in wrapped
    return loop.run_until_complete(inner)
           ~~~~~~~~~~~~~~~~~~~~~~~^^^^^^^
  File "C:\Users\ven\AppData\Local\Programs\Python\Python313\Lib\asyncio\base_events.py", line 721, in run_until_complete
    return future.result()
           ~~~~~~~~~~~~~^^
  File "C:\Users\ven\AppData\Local\Programs\Python\Python313\Lib\site-packages\nbclient\client.py", line 709, in async_execute
    await self.async_execute_cell(
        cell, index, execution_count=self.code_cells_executed + 1
    )
  File "C:\Users\ven\AppData\Local\Programs\Python\Python313\Lib\site-packages\nbclient\client.py", line 1062, in async_execute_cell
    await self._check_raise_for_error(cell, cell_index, exec_reply)
  File "C:\Users\ven\AppData\Local\Programs\Python\Python313\Lib\site-packages\nbclient\client.py", line 918, in _check_raise_for_error
    raise CellExecutionError.from_cell_and_msg(cell, exec_reply_content)
nbclient.exceptions.CellExecutionError: An error occurred while executing the following cell:
------------------
import requests
import pandas as pd

# Masukkan API key dari akun Springer Nature Developer
api_key = "db289a2422c1eda1233754b7722809f6"

# Daftar keyword yang mau dicari
keywords = ["web mining", "web crawling", "supervised learning", "unsupervised learning"]

# Endpoint API
url = "https://api.springernature.com/meta/v2/json"

# Simpan hasil di list
all_results = []

for kw in keywords:
    print(f"🔍 Crawling keyword: {kw}")
    params = {
        "q": kw,
        "api_key": api_key,
        "p": 20   # jumlah hasil per query (maks 50 per request)
    }

    response = requests.get(url, params=params)

    if response.status_code == 200:
        data = response.json()
        records = data.get("records", [])
        for record in records:
            all_results.append({
                "keyword": kw,
                "doi": record.get("doi", "N/A"),
                "title": record.get("title", "No title"),
                "publicationName": record.get("publicationName", "N/A"),
                "publicationDate": record.get("publicationDate", "N/A"),
                "abstract": record.get("abstract", "No abstract")
            })
    else:
        print(f"⚠️ Error {response.status_code} untuk keyword: {kw}")

# Simpan ke DataFrame
df = pd.DataFrame(all_results)

# Tampilkan data
print(df.head())

# Simpan ke CSV
df.to_csv("springer_results.csv", index=False, encoding="utf-8")
print("✅ Data berhasil disimpan ke springer_results.csv")
------------------


[31m---------------------------------------------------------------------------[39m
[31mModuleNotFoundError[39m                       Traceback (most recent call last)
[36mCell[39m[36m [39m[32mIn[3][39m[32m, line 2[39m
[32m      1[39m [38;5;28;01mimport[39;00m[38;5;250m [39m[34;01mrequests[39;00m
[32m----> [39m[32m2[39m [38;5;28;01mimport[39;00m[38;5;250m [39m[34;01mpandas[39;00m[38;5;250m [39m[38;5;28;01mas[39;00m[38;5;250m [39m[34;01mpd[39;00m
[32m      4[39m [38;5;66;03m# Masukkan API key dari akun Springer Nature Developer[39;00m
[32m      5[39m api_key = [33m"[39m[33mdb289a2422c1eda1233754b7722809f6[39m[33m"[39m

[31mModuleNotFoundError[39m: No module named 'pandas'

