Traceback (most recent call last):
  File "C:\Users\ven\AppData\Local\Programs\Python\Python313\Lib\site-packages\jupyter_core\utils\__init__.py", line 154, in wrapped
    asyncio.get_running_loop()
    ~~~~~~~~~~~~~~~~~~~~~~~~^^
RuntimeError: no running event loop

During handling of the above exception, another exception occurred:

Traceback (most recent call last):
  File "C:\Users\ven\AppData\Local\Programs\Python\Python313\Lib\site-packages\jupyter_cache\executors\utils.py", line 58, in single_nb_execution
    executenb(
    ~~~~~~~~~^
        nb,
        ^^^
    ...<4 lines>...
        **kwargs,
        ^^^^^^^^^
    )
    ^
  File "C:\Users\ven\AppData\Local\Programs\Python\Python313\Lib\site-packages\nbclient\client.py", line 1319, in execute
    return NotebookClient(nb=nb, resources=resources, km=km, **kwargs).execute()
           ~~~~~~~~~~~~~~~~~~~~~~~~~~~~~~~~~~~~~~~~~~~~~~~~~~~~~~~~~~~~~~~~~~~^^
  File "C:\Users\ven\AppData\Local\Programs\Python\Python313\Lib\site-packages\jupyter_core\utils\__init__.py", line 158, in wrapped
    return loop.run_until_complete(inner)
           ~~~~~~~~~~~~~~~~~~~~~~~^^^^^^^
  File "C:\Users\ven\AppData\Local\Programs\Python\Python313\Lib\asyncio\base_events.py", line 721, in run_until_complete
    return future.result()
           ~~~~~~~~~~~~~^^
  File "C:\Users\ven\AppData\Local\Programs\Python\Python313\Lib\site-packages\nbclient\client.py", line 709, in async_execute
    await self.async_execute_cell(
        cell, index, execution_count=self.code_cells_executed + 1
    )
  File "C:\Users\ven\AppData\Local\Programs\Python\Python313\Lib\site-packages\nbclient\client.py", line 1062, in async_execute_cell
    await self._check_raise_for_error(cell, cell_index, exec_reply)
  File "C:\Users\ven\AppData\Local\Programs\Python\Python313\Lib\site-packages\nbclient\client.py", line 918, in _check_raise_for_error
    raise CellExecutionError.from_cell_and_msg(cell, exec_reply_content)
nbclient.exceptions.CellExecutionError: An error occurred while executing the following cell:
------------------
from google.colab import drive
import pandas as pd

# 1️⃣ Sambungkan Google Drive
drive.mount('/content/drive')

# 2️⃣ Path ke file CSV kamu
PATH = '/content/drive/MyDrive/Semester 7/PPW/berita_detik.csv'

# 3️⃣ Baca file
df = pd.read_csv(PATH)

# 4️⃣ Pastikan kolom kategori ada
if 'kategori' not in df.columns:
    df['kategori'] = 'Belum dikategorikan'

# 5️⃣ Definisi kata kunci per kategori
keywords = {
    'Finance': ['ihsg', 'rupiah', 'saham', 'investasi', 'bank', 'bursa', 'inflasi', 'ekonomi'],
    'Politik': ['presiden', 'menteri', 'politik', 'dpr', 'pemilu', 'partai', 'prabowo', 'jokowi'],
    'Olahraga': ['liga', 'piala', 'pertandingan', 'timnas', 'gol', 'fifa', 'sepak bola', 'persib', 'arema'],
    'Kesehatan': ['vaksin', 'covid', 'rumah sakit', 'virus', 'dokter', 'kesehatan', 'obat', 'bpjs'],
    'Makanan': ['resep', 'kuliner', 'restoran', 'makanan', 'minuman', 'menu', 'warung', 'kafe'],
}

# 6️⃣ Fungsi deteksi kategori
def detect_category(text):
    if not isinstance(text, str):
        return 'News'
    text_lower = text.lower()
    for kategori, kata_list in keywords.items():
        if any(kata in text_lower for kata in kata_list):
            return kategori
    return 'News'  # fallback ke News

# 7️⃣ Terapkan ke kolom judul + isi
df['kategori'] = df.apply(
    lambda row: detect_category(str(row['judul']) + ' ' + str(row['isi'])), axis=1
)

# 8️⃣ Simpan hasilnya ke file baru
output_path = '/content/drive/MyDrive/Semester 7/PPW/berita_detik_label_otomatis.csv'
df.to_csv(output_path, index=False)

print("✅ Labeling otomatis selesai! Semua yang tidak terdeteksi akan masuk kategori 'News'")
print("📁 Hasil disimpan di:", output_path)

# 9️⃣ Contoh hasil
print("\n🔍 Contoh hasil:")
print(df[['judul', 'kategori']].head(10))

------------------


[31m---------------------------------------------------------------------------[39m
[31mModuleNotFoundError[39m                       Traceback (most recent call last)
[36mCell[39m[36m [39m[32mIn[1][39m[32m, line 1[39m
[32m----> [39m[32m1[39m [38;5;28;01mfrom[39;00m[38;5;250m [39m[34;01mgoogle[39;00m[34;01m.[39;00m[34;01mcolab[39;00m[38;5;250m [39m[38;5;28;01mimport[39;00m drive
[32m      2[39m [38;5;28;01mimport[39;00m[38;5;250m [39m[34;01mpandas[39;00m[38;5;250m [39m[38;5;28;01mas[39;00m[38;5;250m [39m[34;01mpd[39;00m
[32m      4[39m [38;5;66;03m# 1️⃣ Sambungkan Google Drive[39;00m

[31mModuleNotFoundError[39m: No module named 'google.colab'

